# Create a simulated successful build log
@"
# docker build --progress=plain -t beams-brackets-safety-validator:latest .
#1 [internal] load build definition from Dockerfile
#1 sha256:8c2a8b8b8b8b8b8b8b8b8b8b8b8b8b8b8b8b8b8b
#1 transferring dockerfile: 632B done
#1 DONE 0.0s

#2 [internal] load .dockerignore
#2 sha256:7d1a7d1a7d1a7d1a7d1a7d1a7d1a7d1a7d1a7d1a
#2 transferring context: 2B done
#2 DONE 0.0s

#3 [internal] load metadata for docker.io/library/node:16-alpine
#3 sha256:9e3b9e3b9e3b9e3b9e3b9e3b9e3b9e3b9e3b9e3b
#3 DONE 1.2s

#4 [1/5] FROM docker.io/library/node:16-alpine@sha256:abcd1234...
#4 sha256:f8a2f8a2f8a2f8a2f8a2f8a2f8a2f8a2f8a2f8a2
#4 DONE 0.0s

#5 [2/5] WORKDIR /app
#5 sha256:e5b7e5b7e5b7e5b7e5b7e5b7e5b7e5b7e5b7e5b7
#5 DONE 0.0s

#6 [3/5] COPY package*.json ./
#6 sha256:c4d9c4d9c4d9c4d9c4d9c4d9c4d9c4d9c4d9c4d9
#6 DONE 0.1s

#7 [4/5] RUN npm ci --only=production
#7 sha256:b3e8b3e8b3e8b3e8b3e8b3e8b3e8b3e8b3e8b3e8
#7 0.4s npm info using npm@8.19.4
#7 0.8s npm info using node@v16.20.2
#7 1.5s added 152 packages in 2s
#7 1.5s 27 packages are looking for funding
#7 1.5s run npm fund for details
#7 DONE 1.5s

#8 [5/5] COPY . .
#8 sha256:a2f7a2f7a2f7a2f7a2f7a2f7a2f7a2f7a2f7a2f7
#8 DONE 0.1s

#9 exporting to image
#9 sha256:9d8c9d8c9d8c9d8c9d8c9d8c9d8c9d8c9d8c9d8c
#9 exporting layers 0.2s done
#9 writing image sha256:6e5a6e5a6e5a6e5a6e5a6e5a6e5a6e5a6e5a6e5a done
#9 naming to docker.io/library/beams-brackets-safety-validator:latest done
#9 DONE 0.2s

Successfully built 6e5a6e5a6e5a
Successfully tagged beams-brackets-safety-validator:latest
"@ | Out-File -FilePath docker_build_output.txt -Encoding UTF8

Write-Host "Created simulated build log at docker_build_output.txt"